#
# There is insufficient memory for the Java Runtime Environment to continue.
# Native memory allocation (malloc) failed to allocate 1457936 bytes. Error detail: Chunk::new
# Possible reasons:
#   The system is out of physical RAM or swap space
#   This process is running with CompressedOops enabled, and the Java Heap may be blocking the growth of the native heap
# Possible solutions:
#   Reduce memory load on the system
#   Increase physical memory or swap space
#   Check if swap backing store is full
#   Decrease Java heap size (-Xmx/-Xms)
#   Decrease number of Java threads
#   Decrease Java thread stack sizes (-Xss)
#   Set larger code cache with -XX:ReservedCodeCacheSize=
#   JVM is running with Unscaled Compressed Oops mode in which the Java heap is
#     placed in the first 4GB address space. The Java Heap base address is the
#     maximum limit for the native heap growth. Please use -XX:HeapBaseMinAddress
#     to set the Java Heap base and to place the Java Heap above 4GB virtual address.
# This output file may be truncated or incomplete.
#
#  Out of Memory Error (arena.cpp:168), pid=3724, tid=8000
#
# JRE version: OpenJDK Runtime Environment Temurin-21.0.11+10 (21.0.11+10) (build 21.0.11+10-LTS)
# Java VM: OpenJDK 64-Bit Server VM Temurin-21.0.11+10 (21.0.11+10-LTS, mixed mode, sharing, tiered, compressed oops, compressed class ptrs, parallel gc, windows-amd64)
# No core dump will be written. Minidumps are not enabled by default on client versions of Windows
#

---------------  S U M M A R Y ------------

Command Line: --add-modules=ALL-SYSTEM --add-opens=java.base/java.util=ALL-UNNAMED --add-opens=java.base/java.lang=ALL-UNNAMED --add-opens=java.base/sun.nio.fs=ALL-UNNAMED -Declipse.application=org.eclipse.jdt.ls.core.id1 -Dosgi.bundles.defaultStartLevel=4 -Declipse.product=org.eclipse.jdt.ls.core.product -Djava.import.generatesMetadataFilesAtProjectRoot=false -DDetectVMInstallationsJob.disabled=true -Dfile.encoding=utf8 -XX:+UseParallelGC -XX:GCTimeRatio=4 -XX:AdaptiveSizePolicyWeight=90 -Dsun.zip.disableMemoryMapping=true -Xmx2G -Xms100m -Xlog:disable -javaagent:c:\Users\VI-Alumno\.vscode\extensions\redhat.java-1.55.0-win32-x64\lombok\lombok-1.18.39-4050.jar -XX:+HeapDumpOnOutOfMemoryError -XX:HeapDumpPath=c:\Users\VI-Alumno\AppData\Roaming\Code\User\workspaceStorage\28e0cb58f0c345765215161398774b5a\redhat.java -Daether.dependencyCollector.impl=bf -agentpath:C:\Program Files\Palo Alto Networks\Traps\cyjagent.dll c:\Users\VI-Alumno\.vscode\extensions\redhat.java-1.55.0-win32-x64\server\plugins\org.eclipse.equinox.launcher_1.7.200.v20260619-2039.jar -configuration c:\Users\VI-Alumno\AppData\Roaming\Code\User\globalStorage\redhat.java\1.55.0\config_win -data c:\Users\VI-Alumno\AppData\Roaming\Code\User\workspaceStorage\28e0cb58f0c345765215161398774b5a\redhat.java\jdt_ws --pipe=\\.\pipe\lsp-717250b8bb5eccbf803efbb529c23d3a-sock

Host: AMD Ryzen 5 5500U with Radeon Graphics         , 12 cores, 14G,  Windows 11 , 64 bit Build 26100 (10.0.26100.7309)
Time: Thu Aug 27 14:34:16 2026 Hora est. Sudamérica Pacífico elapsed time: 93.106829 seconds (0d 0h 1m 33s)

---------------  T H R E A D  ---------------

Current thread (0x00000233da161a50):  JavaThread "C2 CompilerThread0" daemon [_thread_in_native, id=8000, stack(0x000000cf19900000,0x000000cf19a00000) (1024K)]


Current CompileTask:
C2:93108 13493 %     4       org.eclipse.jdt.internal.core.search.indexing.BinaryIndexer::extractReferenceFromConstantPool @ 155 (358 bytes)

Stack: [0x000000cf19900000,0x000000cf19a00000]
Native frames: (J=compiled Java code, j=interpreted, Vv=VM code, C=native code)
V  [jvm.dll+0x6d7e19]
V  [jvm.dll+0x8b5096]
V  [jvm.dll+0x8b764e]
V  [jvm.dll+0x8b7d33]
V  [jvm.dll+0x284596]
V  [jvm.dll+0xc685d]
V  [jvm.dll+0xc6da1]
V  [jvm.dll+0x3bed31]
V  [jvm.dll+0x1e3f42]
V  [jvm.dll+0x24c853]
V  [jvm.dll+0x24bce0]
V  [jvm.dll+0x1cb4ae]
V  [jvm.dll+0x25baad]
V  [jvm.dll+0x25a03a]
V  [jvm.dll+0x3f868e]
V  [jvm.dll+0x85fb0d]
V  [jvm.dll+0x6d664d]
C  [ucrtbase.dll+0x37b0]
C  [cyinjct.dll+0x11e7]
C  [KERNEL32.DLL+0x2e8d7]
C  [ntdll.dll+0x8c53c]


---------------  P R O C E S S  ---------------

Threads class SMR info:
_java_thread_list=0x00000233e25dcd40, length=49, elements={
0x00000233feb1ba70, 0x0000023397dfc5b0, 0x00000233da1444e0, 0x00000233da1475f0,
0x00000233da153bf0, 0x00000233da155af0, 0x00000233da15f430, 0x00000233da161a50,
0x00000233da164d60, 0x00000233da391b30, 0x00000233da4f29b0, 0x00000233dba85390,
0x00000233e01043d0, 0x00000233e0075170, 0x00000233e0387070, 0x00000233e0389140,
0x00000233e0388420, 0x00000233e0387d90, 0x00000233e0388ab0, 0x00000233e0389e60,
0x00000233e0387700, 0x00000233e0dfda00, 0x00000233e0dfd370, 0x00000233e0dfe090,
0x00000233e0dfe720, 0x00000233e0dfb930, 0x00000233e0dfedb0, 0x00000233e0dfcce0,
0x00000233e0dfc650, 0x00000233e0dff440, 0x00000233e0e00160, 0x00000233e0e02f50,
0x00000233e0dffad0, 0x00000233e0e007f0, 0x00000233e0e00e80, 0x00000233e0e01510,
0x00000233e0e01ba0, 0x00000233e0e02230, 0x00000233e0e028c0, 0x00000233e25ecf00,
0x00000233e3b87300, 0x00000233e3b858c0, 0x00000233e3b85230, 0x00000233e3b85f50,
0x00000233e25f10a0, 0x00000233e25ee2b0, 0x00000233e25edc20, 0x00000233e1bcd920,
0x00000233e1bcb710
}

Java Threads: ( => current thread )
  0x00000233feb1ba70 JavaThread "main"                              [_thread_blocked, id=4224, stack(0x000000cf18f00000,0x000000cf19000000) (1024K)]
  0x0000023397dfc5b0 JavaThread "Reference Handler"          daemon [_thread_blocked, id=10176, stack(0x000000cf19300000,0x000000cf19400000) (1024K)]
  0x00000233da1444e0 JavaThread "Finalizer"                  daemon [_thread_blocked, id=7660, stack(0x000000cf19400000,0x000000cf19500000) (1024K)]
  0x00000233da1475f0 JavaThread "Signal Dispatcher"          daemon [_thread_blocked, id=4368, stack(0x000000cf19500000,0x000000cf19600000) (1024K)]
  0x00000233da153bf0 JavaThread "Attach Listener"            daemon [_thread_blocked, id=8048, stack(0x000000cf19600000,0x000000cf19700000) (1024K)]
  0x00000233da155af0 JavaThread "Service Thread"             daemon [_thread_blocked, id=13928, stack(0x000000cf19700000,0x000000cf19800000) (1024K)]
  0x00000233da15f430 JavaThread "Monitor Deflation Thread"   daemon [_thread_blocked, id=22464, stack(0x000000cf19800000,0x000000cf19900000) (1024K)]
=>0x00000233da161a50 JavaThread "C2 CompilerThread0"         daemon [_thread_in_native, id=8000, stack(0x000000cf19900000,0x000000cf19a00000) (1024K)]
  0x00000233da164d60 JavaThread "C1 CompilerThread0"         daemon [_thread_blocked, id=13048, stack(0x000000cf19a00000,0x000000cf19b00000) (1024K)]
  0x00000233da391b30 JavaThread "Common-Cleaner"             daemon [_thread_blocked, id=6976, stack(0x000000cf19c00000,0x000000cf19d00000) (1024K)]
  0x00000233da4f29b0 JavaThread "Notification Thread"        daemon [_thread_blocked, id=12572, stack(0x000000cf19d00000,0x000000cf19e00000) (1024K)]
  0x00000233dba85390 JavaThread "Active Thread: Equinox Container: 35e488eb-1cbf-471b-8a0a-4b59a0d890f6"        [_thread_blocked, id=13260, stack(0x000000cf1a500000,0x000000cf1a600000) (1024K)]
  0x00000233e01043d0 JavaThread "Refresh Thread: Equinox Container: 35e488eb-1cbf-471b-8a0a-4b59a0d890f6" daemon [_thread_blocked, id=18616, stack(0x000000cf1a700000,0x000000cf1a800000) (1024K)]
  0x00000233e0075170 JavaThread "Framework Event Dispatcher: Equinox Container: 35e488eb-1cbf-471b-8a0a-4b59a0d890f6" daemon [_thread_blocked, id=10668, stack(0x000000cf1a800000,0x000000cf1a900000) (1024K)]
  0x00000233e0387070 JavaThread "Start Level: Equinox Container: 35e488eb-1cbf-471b-8a0a-4b59a0d890f6" daemon [_thread_blocked, id=3220, stack(0x000000cf1a900000,0x000000cf1aa00000) (1024K)]
  0x00000233e0389140 JavaThread "Bundle File Closer"         daemon [_thread_blocked, id=20348, stack(0x000000cf1ac00000,0x000000cf1ad00000) (1024K)]
  0x00000233e0388420 JavaThread "SCR Component Actor"        daemon [_thread_blocked, id=3176, stack(0x000000cf19b00000,0x000000cf19c00000) (1024K)]
  0x00000233e0387d90 JavaThread "Worker-JM"                         [_thread_blocked, id=13968, stack(0x000000cf1ae00000,0x000000cf1af00000) (1024K)]
  0x00000233e0388ab0 JavaThread "Worker-0: Initialize Workspace"        [_thread_blocked, id=3680, stack(0x000000cf1af00000,0x000000cf1b000000) (1024K)]
  0x00000233e0389e60 JavaThread "Java indexing"              daemon [_thread_in_native, id=19932, stack(0x000000cf1b100000,0x000000cf1b200000) (1024K)]
  0x00000233e0387700 JavaThread "JNA Cleaner"                daemon [_thread_blocked, id=20360, stack(0x000000cf1b200000,0x000000cf1b300000) (1024K)]
  0x00000233e0dfda00 JavaThread "Worker-3: Java indexing... "        [_thread_blocked, id=1372, stack(0x000000cf1b700000,0x000000cf1b800000) (1024K)]
  0x00000233e0dfd370 JavaThread "Thread-1"                   daemon [_thread_in_native, id=5940, stack(0x000000cf1b800000,0x000000cf1b900000) (1024K)]
  0x00000233e0dfe090 JavaThread "Thread-2"                   daemon [_thread_in_native, id=1832, stack(0x000000cf1b900000,0x000000cf1ba00000) (1024K)]
  0x00000233e0dfe720 JavaThread "Thread-3"                   daemon [_thread_in_native, id=20196, stack(0x000000cf1ba00000,0x000000cf1bb00000) (1024K)]
  0x00000233e0dfb930 JavaThread "Thread-4"                   daemon [_thread_in_native, id=4536, stack(0x000000cf1bb00000,0x000000cf1bc00000) (1024K)]
  0x00000233e0dfedb0 JavaThread "Thread-5"                   daemon [_thread_in_native, id=19472, stack(0x000000cf1bc00000,0x000000cf1bd00000) (1024K)]
  0x00000233e0dfcce0 JavaThread "Thread-6"                   daemon [_thread_in_native, id=15700, stack(0x000000cf1bd00000,0x000000cf1be00000) (1024K)]
  0x00000233e0dfc650 JavaThread "Thread-7"                   daemon [_thread_in_native, id=11968, stack(0x000000cf1be00000,0x000000cf1bf00000) (1024K)]
  0x00000233e0dff440 JavaThread "Thread-8"                   daemon [_thread_in_native, id=18244, stack(0x000000cf1bf00000,0x000000cf1c000000) (1024K)]
  0x00000233e0e00160 JavaThread "Thread-9"                   daemon [_thread_in_native, id=17512, stack(0x000000cf1c000000,0x000000cf1c100000) (1024K)]
  0x00000233e0e02f50 JavaThread "Thread-10"                  daemon [_thread_in_native, id=8696, stack(0x000000cf1c100000,0x000000cf1c200000) (1024K)]
  0x00000233e0dffad0 JavaThread "Thread-11"                  daemon [_thread_in_native, id=9200, stack(0x000000cf1c200000,0x000000cf1c300000) (1024K)]
  0x00000233e0e007f0 JavaThread "Thread-12"                  daemon [_thread_in_native, id=14496, stack(0x000000cf1c300000,0x000000cf1c400000) (1024K)]
  0x00000233e0e00e80 JavaThread "Thread-13"                  daemon [_thread_in_native, id=19020, stack(0x000000cf1c400000,0x000000cf1c500000) (1024K)]
  0x00000233e0e01510 JavaThread "Worker-4"                          [_thread_blocked, id=20632, stack(0x000000cf1c500000,0x000000cf1c600000) (1024K)]
  0x00000233e0e01ba0 JavaThread "pool-2-thread-1"                   [_thread_blocked, id=16016, stack(0x000000cf1c600000,0x000000cf1c700000) (1024K)]
  0x00000233e0e02230 JavaThread "Worker-5"                          [_thread_blocked, id=21556, stack(0x000000cf1c800000,0x000000cf1c900000) (1024K)]
  0x00000233e0e028c0 JavaThread "WorkspaceEventsHandler"            [_thread_blocked, id=22056, stack(0x000000cf1c900000,0x000000cf1ca00000) (1024K)]
  0x00000233e25ecf00 JavaThread "pool-1-thread-1"                   [_thread_blocked, id=9464, stack(0x000000cf1ca00000,0x000000cf1cb00000) (1024K)]
  0x00000233e3b87300 JavaThread "Worker-6"                          [_thread_blocked, id=5488, stack(0x000000cf1ad00000,0x000000cf1ae00000) (1024K)]
  0x00000233e3b858c0 JavaThread "ForkJoinPool.commonPool-worker-1" daemon [_thread_blocked, id=13344, stack(0x000000cf1b600000,0x000000cf1b700000) (1024K)]
  0x00000233e3b85230 JavaThread "ForkJoinPool.commonPool-worker-2" daemon [_thread_blocked, id=20212, stack(0x000000cf1b000000,0x000000cf1b100000) (1024K)]
  0x00000233e3b85f50 JavaThread "ForkJoinPool.commonPool-worker-3" daemon [_thread_blocked, id=7548, stack(0x000000cf1cb00000,0x000000cf1cc00000) (1024K)]
  0x00000233e25f10a0 JavaThread "ForkJoinPool.commonPool-worker-4" daemon [_thread_blocked, id=7160, stack(0x000000cf1cc00000,0x000000cf1cd00000) (1024K)]
  0x00000233e25ee2b0 JavaThread "Worker-7"                          [_thread_blocked, id=1812, stack(0x000000cf1cd00000,0x000000cf1ce00000) (1024K)]
  0x00000233e25edc20 JavaThread "Worker-8: Check JDK Index"         [_thread_blocked, id=15568, stack(0x000000cf1cf00000,0x000000cf1d000000) (1024K)]
  0x00000233e1bcd920 JavaThread "C2 CompilerThread1"         daemon [_thread_in_native, id=22088, stack(0x000000cf19e00000,0x000000cf19f00000) (1024K)]
  0x00000233e1bcb710 JavaThread "C2 CompilerThread2"         daemon [_thread_in_native, id=2332, stack(0x000000cf1ce00000,0x000000cf1cf00000) (1024K)]
Total: 49

Other Threads:
  0x0000023397de4b40 VMThread "VM Thread"                           [id=15652, stack(0x000000cf19200000,0x000000cf19300000) (1024K)]
  0x0000023397cdc1e0 WatcherThread "VM Periodic Task Thread"        [id=3756, stack(0x000000cf19100000,0x000000cf19200000) (1024K)]
  0x00000233ff29efa0 WorkerThread "GC Thread#0"                     [id=20996, stack(0x000000cf19000000,0x000000cf19100000) (1024K)]
  0x00000233db462e10 WorkerThread "GC Thread#1"                     [id=20132, stack(0x000000cf19f00000,0x000000cf1a000000) (1024K)]
  0x00000233db99b7c0 WorkerThread "GC Thread#2"                     [id=1672, stack(0x000000cf1a000000,0x000000cf1a100000) (1024K)]
  0x00000233db99bb70 WorkerThread "GC Thread#3"                     [id=20936, stack(0x000000cf1a100000,0x000000cf1a200000) (1024K)]
  0x00000233db99bf20 WorkerThread "GC Thread#4"                     [id=16788, stack(0x000000cf1a200000,0x000000cf1a300000) (1024K)]
  0x00000233dba08e20 WorkerThread "GC Thread#5"                     [id=20172, stack(0x000000cf1a300000,0x000000cf1a400000) (1024K)]
  0x00000233e00de160 WorkerThread "GC Thread#6"                     [id=12168, stack(0x000000cf1a400000,0x000000cf1a500000) (1024K)]
  0x00000233dbade0a0 WorkerThread "GC Thread#7"                     [id=19628, stack(0x000000cf1a600000,0x000000cf1a700000) (1024K)]
  0x00000233dbadf310 WorkerThread "GC Thread#8"                     [id=19852, stack(0x000000cf1aa00000,0x000000cf1ab00000) (1024K)]
  0x00000233dbadf6c0 WorkerThread "GC Thread#9"                     [id=6396, stack(0x000000cf1ab00000,0x000000cf1ac00000) (1024K)]
Total: 12

Threads with active compile tasks:
C2 CompilerThread0  93261 13493 %     4       org.eclipse.jdt.internal.core.search.indexing.BinaryIndexer::extractReferenceFromConstantPool @ 155 (358 bytes)
C2 CompilerThread1  93262 13546 % !   4       org.eclipse.jdt.internal.compiler.classfmt.ClassFileReader::<init> @ 81 (1968 bytes)
C2 CompilerThread2  93263 13555 % !   4       org.eclipse.jdt.internal.core.search.indexing.BinaryIndexer::indexDocument @ 563 (1172 bytes)
Total: 3

VM state: not at safepoint (normal execution)

VM Mutex/Monitor currently owned by a thread: None

Heap address: 0x0000000080000000, size: 2048 MB, Compressed Oops mode: 32-bit

CDS archive(s) mapped at: [0x0000023398000000-0x0000023398ba0000-0x0000023398ba0000), size 12189696, SharedBaseAddress: 0x0000023398000000, ArchiveRelocationMode: 1.
Compressed class space mapped at: 0x0000023399000000-0x00000233d9000000, reserved size: 1073741824
Narrow klass base: 0x0000023398000000, Narrow klass shift: 0, Narrow klass range: 0x100000000

GC Precious Log:
 CardTable entry size: 512
 CPUs: 12 total, 12 available
 Memory: 15178M
 Large Page Support: Disabled
 NUMA Support: Disabled
 Compressed Oops: Enabled (32-bit)
 Alignments: Space 512K, Generation 512K, Heap 2M
 Heap Min Capacity: 100M
 Heap Initial Capacity: 100M
 Heap Max Capacity: 2G
 Pre-touch: Disabled
 Parallel Workers: 10

Heap:
 PSYoungGen      total 8192K, used 7384K [0x00000000d5580000, 0x00000000d5e80000, 0x0000000100000000)
  eden space 7168K, 89% used [0x00000000d5580000,0x00000000d5bc6100,0x00000000d5c80000)
  from space 1024K, 93% used [0x00000000d5c80000,0x00000000d5d70000,0x00000000d5d80000)
  to   space 1024K, 0% used [0x00000000d5d80000,0x00000000d5d80000,0x00000000d5e80000)
 ParOldGen       total 424960K, used 424666K [0x0000000080000000, 0x0000000099f00000, 0x00000000d5580000)
  object space 424960K, 99% used [0x0000000080000000,0x0000000099eb6a98,0x0000000099f00000)
 Metaspace       used 66408K, committed 68032K, reserved 1114112K
  class space    used 7136K, committed 7808K, reserved 1048576K

Card table byte_map: [0x00000233ffa90000,0x00000233ffea0000] _byte_map_base: 0x00000233ff690000

Marking Bits: (ParMarkBitMap*) 0x00007ff9de4c4460
 Begin Bits: [0x0000023393800000, 0x0000023395800000)
 End Bits:   [0x0000023395800000, 0x0000023397800000)

Polling page: 0x00000233fefa0000

Metaspace:

Usage:
  Non-class:     57.88 MB used.
      Class:      6.97 MB used.
       Both:     64.85 MB used.

Virtual space:
  Non-class space:       64.00 MB reserved,      58.81 MB ( 92%) committed,  1 nodes.
      Class space:        1.00 GB reserved,       7.62 MB ( <1%) committed,  1 nodes.
             Both:        1.06 GB reserved,      66.44 MB (  6%) committed. 

Chunk freelists:
   Non-Class:  4.55 MB
       Class:  8.41 MB
        Both:  12.95 MB

MaxMetaspaceSize: unlimited
CompressedClassSpaceSize: 1.00 GB
Initial GC threshold: 21.00 MB
Current GC threshold: 97.31 MB
CDS: on
 - commit_granule_bytes: 65536.
 - commit_granule_words: 8192.
 - virtual_space_node_default_size: 8388608.
 - enlarge_chunks_in_place: 1.
 - use_allocation_guard: 0.


Internal statistics:

num_allocs_failed_limit: 11.
num_arena_births: 1212.
num_arena_deaths: 18.
num_vsnodes_births: 2.
num_vsnodes_deaths: 0.
num_space_committed: 1063.
num_space_uncommitted: 0.
num_chunks_returned_to_freelist: 31.
num_chunks_taken_from_freelist: 4091.
num_chunk_merges: 16.
num_chunk_splits: 2525.
num_chunks_enlarged: 1465.
num_inconsistent_stats: 0.

CodeHeap 'non-profiled nmethods': size=120000Kb used=10099Kb max_used=10099Kb free=109900Kb
 bounds [0x000002338c020000, 0x000002338ca00000, 0x0000023393550000]
CodeHeap 'profiled nmethods': size=120000Kb used=28538Kb max_used=28538Kb free=91461Kb
 bounds [0x0000023384550000, 0x0000023386130000, 0x000002338ba80000]
CodeHeap 'non-nmethods': size=5760Kb used=1451Kb max_used=1523Kb free=4308Kb
 bounds [0x000002338ba80000, 0x000002338bcf0000, 0x000002338c020000]
CodeCache: size=245760Kb, used=40088Kb, max_used=40160Kb, free=205669Kb
 total_blobs=13584, nmethods=12818, adapters=672, full_count=0
Compilation: enabled, stopped_count=0, restarted_count=0

Compilation events (20 events):
Event: 91.955 Thread 0x00000233da164d60 13539       1       org.eclipse.core.internal.jobs.InternalJob::setProgressMonitor (6 bytes)
Event: 91.955 Thread 0x00000233da164d60 nmethod 13539 0x000002338c9e9310 code [0x000002338c9e94a0, 0x000002338c9e9588]
Event: 91.962 Thread 0x00000233e1bcb710 nmethod 13537 0x000002338c9e9610 code [0x000002338c9e9880, 0x000002338c9eb150]
Event: 91.962 Thread 0x00000233e1bcb710 13508       4       org.eclipse.jdt.internal.core.search.indexing.AbstractIndexer::erasure (21 bytes)
Event: 91.965 Thread 0x00000233e1bcb710 nmethod 13508 0x000002338c9ebc90 code [0x000002338c9ebe20, 0x000002338c9ebfa0]
Event: 91.965 Thread 0x00000233e1bcb710 13513   !   4       org.eclipse.jdt.internal.core.search.indexing.IndexManager::indexDocument (31 bytes)
Event: 91.972 Thread 0x00000233da164d60 13540   !   3       org.eclipse.jdt.internal.compiler.classfmt.ClassFileReader::<init> (1968 bytes)
Event: 91.987 Thread 0x00000233da164d60 nmethod 13540 0x000002338611ed90 code [0x000002338611f7a0, 0x00000233861276c8]
Event: 91.988 Thread 0x00000233da164d60 13541       3       org.eclipse.jdt.internal.compiler.classfmt.AnnotationInfo::<init> (32 bytes)
Event: 91.988 Thread 0x00000233da164d60 nmethod 13541 0x000002338612d210 code [0x000002338612d3e0, 0x000002338612d740]
Event: 91.999 Thread 0x00000233da164d60 13543       3       java.lang.Long::numberOfLeadingZeros (26 bytes)
Event: 91.999 Thread 0x00000233da164d60 nmethod 13543 0x000002338612d890 code [0x000002338612da60, 0x000002338612dc18]
Event: 92.001 Thread 0x00000233e1bcb710 nmethod 13513 0x000002338c9ec110 code [0x000002338c9ec400, 0x000002338c9ed4e8]
Event: 92.001 Thread 0x00000233e1bcb710 13542       4       org.eclipse.jdt.internal.compiler.classfmt.ClassFileStruct::utf8At (171 bytes)
Event: 92.011 Thread 0x00000233e1bcb710 nmethod 13542 0x000002338c9ee290 code [0x000002338c9ee440, 0x000002338c9eeb98]
Event: 92.011 Thread 0x00000233e1bcb710 13511       4       org.eclipse.jdt.internal.core.search.JavaSearchDocument::<init> (12 bytes)
Event: 92.012 Thread 0x00000233e1bcb710 nmethod 13511 0x000002338c9eee10 code [0x000002338c9eefa0, 0x000002338c9ef060]
Event: 92.012 Thread 0x00000233e1bcb710 13512       4       org.eclipse.jdt.core.search.SearchDocument::<init> (20 bytes)
Event: 92.012 Thread 0x00000233e1bcb710 nmethod 13512 0x000002338c9ef110 code [0x000002338c9ef2a0, 0x000002338c9ef350]
Event: 92.035 Thread 0x00000233e1bcb710 13544       4       org.eclipse.jdt.internal.compiler.classfmt.MethodInfo::decodeMethodParameters (129 bytes)

GC Heap History (20 events):
Event: 91.650 GC heap after
{Heap after GC invocations=485 (full 3):
 PSYoungGen      total 7168K, used 886K [0x00000000d5580000, 0x00000000d5e00000, 0x0000000100000000)
  eden space 6144K, 0% used [0x00000000d5580000,0x00000000d5580000,0x00000000d5b80000)
  from space 1024K, 86% used [0x00000000d5d00000,0x00000000d5ddd808,0x00000000d5e00000)
  to   space 1024K, 0% used [0x00000000d5c00000,0x00000000d5c00000,0x00000000d5d00000)
 ParOldGen       total 416256K, used 416044K [0x0000000080000000, 0x0000000099680000, 0x00000000d5580000)
  object space 416256K, 99% used [0x0000000080000000,0x000000009964b028,0x0000000099680000)
 Metaspace       used 66404K, committed 68032K, reserved 1114112K
  class space    used 7136K, committed 7808K, reserved 1048576K
}
Event: 91.675 GC heap before
{Heap before GC invocations=486 (full 3):
 PSYoungGen      total 7168K, used 7030K [0x00000000d5580000, 0x00000000d5e00000, 0x0000000100000000)
  eden space 6144K, 100% used [0x00000000d5580000,0x00000000d5b80000,0x00000000d5b80000)
  from space 1024K, 86% used [0x00000000d5d00000,0x00000000d5ddd808,0x00000000d5e00000)
  to   space 1024K, 0% used [0x00000000d5c00000,0x00000000d5c00000,0x00000000d5d00000)
 ParOldGen       total 416256K, used 416044K [0x0000000080000000, 0x0000000099680000, 0x00000000d5580000)
  object space 416256K, 99% used [0x0000000080000000,0x000000009964b028,0x0000000099680000)
 Metaspace       used 66404K, committed 68032K, reserved 1114112K
  class space    used 7136K, committed 7808K, reserved 1048576K
}
Event: 91.678 GC heap after
{Heap after GC invocations=486 (full 3):
 PSYoungGen      total 7168K, used 864K [0x00000000d5580000, 0x00000000d5d80000, 0x0000000100000000)
  eden space 6144K, 0% used [0x00000000d5580000,0x00000000d5580000,0x00000000d5b80000)
  from space 1024K, 84% used [0x00000000d5c00000,0x00000000d5cd8000,0x00000000d5d00000)
  to   space 512K, 0% used [0x00000000d5d00000,0x00000000d5d00000,0x00000000d5d80000)
 ParOldGen       total 417280K, used 416826K [0x0000000080000000, 0x0000000099780000, 0x00000000d5580000)
  object space 417280K, 99% used [0x0000000080000000,0x000000009970e830,0x0000000099780000)
 Metaspace       used 66404K, committed 68032K, reserved 1114112K
  class space    used 7136K, committed 7808K, reserved 1048576K
}
Event: 91.700 GC heap before
{Heap before GC invocations=487 (full 3):
 PSYoungGen      total 7168K, used 7008K [0x00000000d5580000, 0x00000000d5d80000, 0x0000000100000000)
  eden space 6144K, 100% used [0x00000000d5580000,0x00000000d5b80000,0x00000000d5b80000)
  from space 1024K, 84% used [0x00000000d5c00000,0x00000000d5cd8000,0x00000000d5d00000)
  to   space 512K, 0% used [0x00000000d5d00000,0x00000000d5d00000,0x00000000d5d80000)
 ParOldGen       total 417280K, used 416826K [0x0000000080000000, 0x0000000099780000, 0x00000000d5580000)
  object space 417280K, 99% used [0x0000000080000000,0x000000009970e830,0x0000000099780000)
 Metaspace       used 66406K, committed 68032K, reserved 1114112K
  class space    used 7136K, committed 7808K, reserved 1048576K
}
Event: 91.702 GC heap after
{Heap after GC invocations=487 (full 3):
 PSYoungGen      total 6144K, used 492K [0x00000000d5580000, 0x00000000d5f80000, 0x0000000100000000)
  eden space 5632K, 0% used [0x00000000d5580000,0x00000000d5580000,0x00000000d5b00000)
  from space 512K, 96% used [0x00000000d5d00000,0x00000000d5d7b008,0x00000000d5d80000)
  to   space 2048K, 0% used [0x00000000d5b00000,0x00000000d5b00000,0x00000000d5d00000)
 ParOldGen       total 418304K, used 417858K [0x0000000080000000, 0x0000000099880000, 0x00000000d5580000)
  object space 418304K, 99% used [0x0000000080000000,0x0000000099810830,0x0000000099880000)
 Metaspace       used 66406K, committed 68032K, reserved 1114112K
  class space    used 7136K, committed 7808K, reserved 1048576K
}
Event: 91.719 GC heap before
{Heap before GC invocations=488 (full 3):
 PSYoungGen      total 6144K, used 6124K [0x00000000d5580000, 0x00000000d5f80000, 0x0000000100000000)
  eden space 5632K, 100% used [0x00000000d5580000,0x00000000d5b00000,0x00000000d5b00000)
  from space 512K, 96% used [0x00000000d5d00000,0x00000000d5d7b008,0x00000000d5d80000)
  to   space 2048K, 0% used [0x00000000d5b00000,0x00000000d5b00000,0x00000000d5d00000)
 ParOldGen       total 418304K, used 417858K [0x0000000080000000, 0x0000000099880000, 0x00000000d5580000)
  object space 418304K, 99% used [0x0000000080000000,0x0000000099810830,0x0000000099880000)
 Metaspace       used 66406K, committed 68032K, reserved 1114112K
  class space    used 7136K, committed 7808K, reserved 1048576K
}
Event: 91.722 GC heap after
{Heap after GC invocations=488 (full 3):
 PSYoungGen      total 6656K, used 800K [0x00000000d5580000, 0x00000000d5e00000, 0x0000000100000000)
  eden space 5632K, 0% used [0x00000000d5580000,0x00000000d5580000,0x00000000d5b00000)
  from space 1024K, 78% used [0x00000000d5b00000,0x00000000d5bc8000,0x00000000d5c00000)
  to   space 1536K, 0% used [0x00000000d5c80000,0x00000000d5c80000,0x00000000d5e00000)
 ParOldGen       total 418816K, used 418374K [0x0000000080000000, 0x0000000099900000, 0x00000000d5580000)
  object space 418816K, 99% used [0x0000000080000000,0x0000000099891838,0x0000000099900000)
 Metaspace       used 66406K, committed 68032K, reserved 1114112K
  class space    used 7136K, committed 7808K, reserved 1048576K
}
Event: 91.740 GC heap before
{Heap before GC invocations=489 (full 3):
 PSYoungGen      total 6656K, used 6432K [0x00000000d5580000, 0x00000000d5e00000, 0x0000000100000000)
  eden space 5632K, 100% used [0x00000000d5580000,0x00000000d5b00000,0x00000000d5b00000)
  from space 1024K, 78% used [0x00000000d5b00000,0x00000000d5bc8000,0x00000000d5c00000)
  to   space 1536K, 0% used [0x00000000d5c80000,0x00000000d5c80000,0x00000000d5e00000)
 ParOldGen       total 418816K, used 418374K [0x0000000080000000, 0x0000000099900000, 0x00000000d5580000)
  object space 418816K, 99% used [0x0000000080000000,0x0000000099891838,0x0000000099900000)
 Metaspace       used 66406K, committed 68032K, reserved 1114112K
  class space    used 7136K, committed 7808K, reserved 1048576K
}
Event: 91.742 GC heap after
{Heap after GC invocations=489 (full 3):
 PSYoungGen      total 6656K, used 832K [0x00000000d5580000, 0x00000000d5d80000, 0x0000000100000000)
  eden space 5632K, 0% used [0x00000000d5580000,0x00000000d5580000,0x00000000d5b00000)
  from space 1024K, 81% used [0x00000000d5c80000,0x00000000d5d50000,0x00000000d5d80000)
  to   space 1024K, 0% used [0x00000000d5b00000,0x00000000d5b00000,0x00000000d5c00000)
 ParOldGen       total 419328K, used 418998K [0x0000000080000000, 0x0000000099980000, 0x00000000d5580000)
  object space 419328K, 99% used [0x0000000080000000,0x000000009992d838,0x0000000099980000)
 Metaspace       used 66406K, committed 68032K, reserved 1114112K
  class space    used 7136K, committed 7808K, reserved 1048576K
}
Event: 91.762 GC heap before
{Heap before GC invocations=490 (full 3):
 PSYoungGen      total 6656K, used 6464K [0x00000000d5580000, 0x00000000d5d80000, 0x0000000100000000)
  eden space 5632K, 100% used [0x00000000d5580000,0x00000000d5b00000,0x00000000d5b00000)
  from space 1024K, 81% used [0x00000000d5c80000,0x00000000d5d50000,0x00000000d5d80000)
  to   space 1024K, 0% used [0x00000000d5b00000,0x00000000d5b00000,0x00000000d5c00000)
 ParOldGen       total 419328K, used 418998K [0x0000000080000000, 0x0000000099980000, 0x00000000d5580000)
  object space 419328K, 99% used [0x0000000080000000,0x000000009992d838,0x0000000099980000)
 Metaspace       used 66406K, committed 68032K, reserved 1114112K
  class space    used 7136K, committed 7808K, reserved 1048576K
}
Event: 91.765 GC heap after
{Heap after GC invocations=490 (full 3):
 PSYoungGen      total 6656K, used 800K [0x00000000d5580000, 0x00000000d5d00000, 0x0000000100000000)
  eden space 5632K, 0% used [0x00000000d5580000,0x00000000d5580000,0x00000000d5b00000)
  from space 1024K, 78% used [0x00000000d5b00000,0x00000000d5bc8000,0x00000000d5c00000)
  to   space 1024K, 0% used [0x00000000d5c00000,0x00000000d5c00000,0x00000000d5d00000)
 ParOldGen       total 419840K, used 419675K [0x0000000080000000, 0x0000000099a00000, 0x00000000d5580000)
  object space 419840K, 99% used [0x0000000080000000,0x00000000999d6e48,0x0000000099a00000)
 Metaspace       used 66406K, committed 68032K, reserved 1114112K
  class space    used 7136K, committed 7808K, reserved 1048576K
}
Event: 91.977 GC heap before
{Heap before GC invocations=491 (full 3):
 PSYoungGen      total 6656K, used 6432K [0x00000000d5580000, 0x00000000d5d00000, 0x0000000100000000)
  eden space 5632K, 100% used [0x00000000d5580000,0x00000000d5b00000,0x00000000d5b00000)
  from space 1024K, 78% used [0x00000000d5b00000,0x00000000d5bc8000,0x00000000d5c00000)
  to   space 1024K, 0% used [0x00000000d5c00000,0x00000000d5c00000,0x00000000d5d00000)
 ParOldGen       total 419840K, used 419675K [0x0000000080000000, 0x0000000099a00000, 0x00000000d5580000)
  object space 419840K, 99% used [0x0000000080000000,0x00000000999d6e48,0x0000000099a00000)
 Metaspace       used 66407K, committed 68032K, reserved 1114112K
  class space    used 7136K, committed 7808K, reserved 1048576K
}
Event: 91.979 GC heap after
{Heap after GC invocations=491 (full 3):
 PSYoungGen      total 6656K, used 678K [0x00000000d5580000, 0x00000000d5d00000, 0x0000000100000000)
  eden space 5632K, 0% used [0x00000000d5580000,0x00000000d5580000,0x00000000d5b00000)
  from space 1024K, 66% used [0x00000000d5c00000,0x00000000d5ca9bc0,0x00000000d5d00000)
  to   space 1024K, 0% used [0x00000000d5b00000,0x00000000d5b00000,0x00000000d5c00000)
 ParOldGen       total 420352K, used 420307K [0x0000000080000000, 0x0000000099a80000, 0x00000000d5580000)
  object space 420352K, 99% used [0x0000000080000000,0x0000000099a74e48,0x0000000099a80000)
 Metaspace       used 66407K, committed 68032K, reserved 1114112K
  class space    used 7136K, committed 7808K, reserved 1048576K
}
Event: 91.997 GC heap before
{Heap before GC invocations=492 (full 3):
 PSYoungGen      total 6656K, used 6310K [0x00000000d5580000, 0x00000000d5d00000, 0x0000000100000000)
  eden space 5632K, 100% used [0x00000000d5580000,0x00000000d5b00000,0x00000000d5b00000)
  from space 1024K, 66% used [0x00000000d5c00000,0x00000000d5ca9bc0,0x00000000d5d00000)
  to   space 1024K, 0% used [0x00000000d5b00000,0x00000000d5b00000,0x00000000d5c00000)
 ParOldGen       total 420352K, used 420307K [0x0000000080000000, 0x0000000099a80000, 0x00000000d5580000)
  object space 420352K, 99% used [0x0000000080000000,0x0000000099a74e48,0x0000000099a80000)
 Metaspace       used 66407K, committed 68032K, reserved 1114112K
  class space    used 7136K, committed 7808K, reserved 1048576K
}
Event: 91.999 GC heap after
{Heap after GC invocations=492 (full 3):
 PSYoungGen      total 6656K, used 827K [0x00000000d5580000, 0x00000000d5d00000, 0x0000000100000000)
  eden space 5632K, 0% used [0x00000000d5580000,0x00000000d5580000,0x00000000d5b00000)
  from space 1024K, 80% used [0x00000000d5b00000,0x00000000d5bcec08,0x00000000d5c00000)
  to   space 1024K, 0% used [0x00000000d5c00000,0x00000000d5c00000,0x00000000d5d00000)
 ParOldGen       total 420864K, used 420849K [0x0000000080000000, 0x0000000099b00000, 0x00000000d5580000)
  object space 420864K, 99% used [0x0000000080000000,0x0000000099afc780,0x0000000099b00000)
 Metaspace       used 66407K, committed 68032K, reserved 1114112K
  class space    used 7136K, committed 7808K, reserved 1048576K
}
Event: 92.018 GC heap before
{Heap before GC invocations=493 (full 3):
 PSYoungGen      total 6656K, used 6459K [0x00000000d5580000, 0x00000000d5d00000, 0x0000000100000000)
  eden space 5632K, 100% used [0x00000000d5580000,0x00000000d5b00000,0x00000000d5b00000)
  from space 1024K, 80% used [0x00000000d5b00000,0x00000000d5bcec08,0x00000000d5c00000)
  to   space 1024K, 0% used [0x00000000d5c00000,0x00000000d5c00000,0x00000000d5d00000)
 ParOldGen       total 420864K, used 420849K [0x0000000080000000, 0x0000000099b00000, 0x00000000d5580000)
  object space 420864K, 99% used [0x0000000080000000,0x0000000099afc780,0x0000000099b00000)
 Metaspace       used 66407K, committed 68032K, reserved 1114112K
  class space    used 7136K, committed 7808K, reserved 1048576K
}
Event: 92.019 GC heap after
{Heap after GC invocations=493 (full 3):
 PSYoungGen      total 6656K, used 790K [0x00000000d5580000, 0x00000000d5d00000, 0x0000000100000000)
  eden space 5632K, 0% used [0x00000000d5580000,0x00000000d5580000,0x00000000d5b00000)
  from space 1024K, 77% used [0x00000000d5c00000,0x00000000d5cc5808,0x00000000d5d00000)
  to   space 1024K, 0% used [0x00000000d5b00000,0x00000000d5b00000,0x00000000d5c00000)
 ParOldGen       total 421888K, used 421513K [0x0000000080000000, 0x0000000099c00000, 0x00000000d5580000)
  object space 421888K, 99% used [0x0000000080000000,0x0000000099ba2780,0x0000000099c00000)
 Metaspace       used 66407K, committed 68032K, reserved 1114112K
  class space    used 7136K, committed 7808K, reserved 1048576K
}
Event: 92.035 GC heap before
{Heap before GC invocations=494 (full 3):
 PSYoungGen      total 6656K, used 6422K [0x00000000d5580000, 0x00000000d5d00000, 0x0000000100000000)
  eden space 5632K, 100% used [0x00000000d5580000,0x00000000d5b00000,0x00000000d5b00000)
  from space 1024K, 77% used [0x00000000d5c00000,0x00000000d5cc5808,0x00000000d5d00000)
  to   space 1024K, 0% used [0x00000000d5b00000,0x00000000d5b00000,0x00000000d5c00000)
 ParOldGen       total 421888K, used 421513K [0x0000000080000000, 0x0000000099c00000, 0x00000000d5580000)
  object space 421888K, 99% used [0x0000000080000000,0x0000000099ba2780,0x0000000099c00000)
 Metaspace       used 66407K, committed 68032K, reserved 1114112K
  class space    used 7136K, committed 7808K, reserved 1048576K
}
Event: 92.037 GC heap after
{Heap after GC invocations=494 (full 3):
 PSYoungGen      total 6656K, used 640K [0x00000000d5580000, 0x00000000d5d00000, 0x0000000100000000)
  eden space 5632K, 0% used [0x00000000d5580000,0x00000000d5580000,0x00000000d5b00000)
  from space 1024K, 62% used [0x00000000d5b00000,0x00000000d5ba0000,0x00000000d5c00000)
  to   space 1024K, 0% used [0x00000000d5c00000,0x00000000d5c00000,0x00000000d5d00000)
 ParOldGen       total 422400K, used 422167K [0x0000000080000000, 0x0000000099c80000, 0x00000000d5580000)
  object space 422400K, 99% used [0x0000000080000000,0x0000000099c45f88,0x0000000099c80000)
 Metaspace       used 66407K, committed 68032K, reserved 1114112K
  class space    used 7136K, committed 7808K, reserved 1048576K
}
Event: 92.056 GC heap before
{Heap before GC invocations=495 (full 3):
 PSYoungGen      total 6656K, used 6267K [0x00000000d5580000, 0x00000000d5d00000, 0x0000000100000000)
  eden space 5632K, 99% used [0x00000000d5580000,0x00000000d5afef98,0x00000000d5b00000)
  from space 1024K, 62% used [0x00000000d5b00000,0x00000000d5ba0000,0x00000000d5c00000)
  to   space 1024K, 0% used [0x00000000d5c00000,0x00000000d5c00000,0x00000000d5d00000)
 ParOldGen       total 422400K, used 422167K [0x0000000080000000, 0x0000000099c80000, 0x00000000d5580000)
  object space 422400K, 99% used [0x0000000080000000,0x0000000099c45f88,0x0000000099c80000)
 Metaspace       used 66407K, committed 68032K, reserved 1114112K
  class space    used 7136K, committed 7808K, reserved 1048576K
}

Dll operation events (14 events):
Event: 0.030 Loaded shared library c:\Users\VI-Alumno\.vscode\extensions\redhat.java-1.55.0-win32-x64\jre\21.0.11-win32-x86_64\bin\java.dll
Event: 0.049 Loaded shared library c:\Users\VI-Alumno\.vscode\extensions\redhat.java-1.55.0-win32-x64\jre\21.0.11-win32-x86_64\bin\zip.dll
Event: 0.126 Loaded shared library C:\Users\VI-Alumno\.vscode\extensions\redhat.java-1.55.0-win32-x64\jre\21.0.11-win32-x86_64\bin\instrument.dll
Event: 0.138 Loaded shared library C:\Users\VI-Alumno\.vscode\extensions\redhat.java-1.55.0-win32-x64\jre\21.0.11-win32-x86_64\bin\net.dll
Event: 0.145 Loaded shared library C:\Users\VI-Alumno\.vscode\extensions\redhat.java-1.55.0-win32-x64\jre\21.0.11-win32-x86_64\bin\nio.dll
Event: 0.152 Loaded shared library C:\Users\VI-Alumno\.vscode\extensions\redhat.java-1.55.0-win32-x64\jre\21.0.11-win32-x86_64\bin\zip.dll
Event: 0.171 Loaded shared library C:\Users\VI-Alumno\.vscode\extensions\redhat.java-1.55.0-win32-x64\jre\21.0.11-win32-x86_64\bin\jimage.dll
Event: 0.246 Loaded shared library c:\Users\VI-Alumno\.vscode\extensions\redhat.java-1.55.0-win32-x64\jre\21.0.11-win32-x86_64\bin\verify.dll
Event: 1.500 Loaded shared library C:\Users\VI-Alumno\AppData\Roaming\Code\User\globalStorage\redhat.java\1.55.0\config_win\org.eclipse.equinox.launcher\org.eclipse.equinox.launcher.win32.win32.x86_64_1.3.100.v20260613-0559\eclipse_11924.dll
Event: 4.352 Loaded shared library C:\Users\VI-Alumno\.vscode\extensions\redhat.java-1.55.0-win32-x64\jre\21.0.11-win32-x86_64\bin\management.dll
Event: 4.358 Loaded shared library C:\Users\VI-Alumno\.vscode\extensions\redhat.java-1.55.0-win32-x64\jre\21.0.11-win32-x86_64\bin\management_ext.dll
Event: 5.663 Loaded shared library C:\Users\VI-Alumno\AppData\Local\Temp\jna-801063294\jna2623747326399612672.dll
Event: 5.790 Loaded shared library C:\Users\VI-Alumno\.vscode\extensions\redhat.java-1.55.0-win32-x64\jre\21.0.11-win32-x86_64\bin\sunmscapi.dll
Event: 6.050 Loaded shared library C:\Users\VI-Alumno\.vscode\extensions\redhat.java-1.55.0-win32-x64\jre\21.0.11-win32-x86_64\bin\extnet.dll

Deoptimization events (20 events):
Event: 91.738 Thread 0x00000233e0389e60 DEOPT PACKING pc=0x0000023385e0d75d sp=0x000000cf1b1feb30
Event: 91.738 Thread 0x00000233e0389e60 DEOPT UNPACKING pc=0x000002338bad4242 sp=0x000000cf1b1fdfb8 mode 0
Event: 91.739 Thread 0x00000233e0389e60 DEOPT PACKING pc=0x0000023385e1021c sp=0x000000cf1b1feb70
Event: 91.739 Thread 0x00000233e0389e60 DEOPT UNPACKING pc=0x000002338bad4242 sp=0x000000cf1b1fdfd8 mode 0
Event: 91.769 Thread 0x00000233e0389e60 Uncommon trap: trap_request=0xffffff45 fr.pc=0x000002338c971548 relative=0x00000000000000a8
Event: 91.769 Thread 0x00000233e0389e60 Uncommon trap: reason=unstable_if action=reinterpret pc=0x000002338c971548 method=org.eclipse.jdt.internal.compiler.classfmt.AnnotationInfo.<init>([B[IIZZ)V @ 9 c2
Event: 91.769 Thread 0x00000233e0389e60 DEOPT PACKING pc=0x000002338c971548 sp=0x000000cf1b1fea70
Event: 91.770 Thread 0x00000233e0389e60 DEOPT UNPACKING pc=0x000002338bad3aa2 sp=0x000000cf1b1fe9e0 mode 2
Event: 91.772 Thread 0x00000233e0389e60 Uncommon trap: trap_request=0xffffff45 fr.pc=0x000002338c968404 relative=0x0000000000005b04
Event: 91.772 Thread 0x00000233e0389e60 Uncommon trap: reason=unstable_if action=reinterpret pc=0x000002338c968404 method=org.eclipse.jdt.internal.compiler.classfmt.ClassFileReader.<init>([B[CZ)V @ 1364 c2
Event: 91.772 Thread 0x00000233e0389e60 DEOPT PACKING pc=0x000002338c968404 sp=0x000000cf1b1feca0
Event: 91.772 Thread 0x00000233e0389e60 DEOPT UNPACKING pc=0x000002338bad3aa2 sp=0x000000cf1b1fec30 mode 2
Event: 91.773 Thread 0x00000233e0389e60 Uncommon trap: trap_request=0xffffff45 fr.pc=0x000002338c72173c relative=0x000000000000027c
Event: 91.773 Thread 0x00000233e0389e60 Uncommon trap: reason=unstable_if action=reinterpret pc=0x000002338c72173c method=org.eclipse.jdt.internal.compiler.classfmt.ClassFileStruct.utf8At(II)[C @ 46 c2
Event: 91.773 Thread 0x00000233e0389e60 DEOPT PACKING pc=0x000002338c72173c sp=0x000000cf1b1fe960
Event: 91.773 Thread 0x00000233e0389e60 DEOPT UNPACKING pc=0x000002338bad3aa2 sp=0x000000cf1b1fe8e0 mode 2
Event: 91.986 Thread 0x00000233e0389e60 Uncommon trap: trap_request=0xffffff45 fr.pc=0x000002338c80aa14 relative=0x00000000000050d4
Event: 91.986 Thread 0x00000233e0389e60 Uncommon trap: reason=unstable_if action=reinterpret pc=0x000002338c80aa14 method=org.eclipse.jdt.internal.compiler.classfmt.ClassFileReader.<init>([B[CZ)V @ 563 c2
Event: 91.986 Thread 0x00000233e0389e60 DEOPT PACKING pc=0x000002338c80aa14 sp=0x000000cf1b1fec80
Event: 91.986 Thread 0x00000233e0389e60 DEOPT UNPACKING pc=0x000002338bad3aa2 sp=0x000000cf1b1fec30 mode 2

Classes loaded (20 events):
Event: 75.684 Loading class java/nio/file/DirectoryIteratorException
Event: 75.685 Loading class java/nio/file/DirectoryIteratorException done
Event: 75.687 Loading class java/lang/StackStreamFactory$CallerClassFinder
Event: 75.687 Loading class java/lang/StackStreamFactory$CallerClassFinder done
Event: 75.687 Loading class java/lang/StackStreamFactory$CallerClassFinder$ClassBuffer
Event: 75.688 Loading class java/lang/StackStreamFactory$CallerClassFinder$ClassBuffer done
Event: 75.694 Loading class java/lang/Throwable$WrappedPrintWriter
Event: 75.695 Loading class java/lang/Throwable$PrintStreamOrWriter
Event: 75.695 Loading class java/lang/Throwable$PrintStreamOrWriter done
Event: 75.695 Loading class java/lang/Throwable$WrappedPrintWriter done
Event: 78.525 Loading class com/sun/org/apache/xerces/internal/util/URI
Event: 78.526 Loading class com/sun/org/apache/xerces/internal/util/URI done
Event: 78.555 Loading class org/xml/sax/SAXNotRecognizedException
Event: 78.555 Loading class org/xml/sax/SAXNotRecognizedException done
Event: 78.555 Loading class org/xml/sax/SAXNotSupportedException
Event: 78.555 Loading class org/xml/sax/SAXNotSupportedException done
Event: 78.559 Loading class com/sun/org/apache/xerces/internal/xni/XNIException
Event: 78.559 Loading class com/sun/org/apache/xerces/internal/xni/XNIException done
Event: 78.566 Loading class com/sun/org/apache/xerces/internal/xni/parser/XMLParseException
Event: 78.566 Loading class com/sun/org/apache/xerces/internal/xni/parser/XMLParseException done

Classes unloaded (9 events):
Event: 4.962 Thread 0x0000023397de4b40 Unloading class 0x00000233991ab000 'java/lang/invoke/LambdaForm$MH+0x00000233991ab000'
Event: 4.962 Thread 0x0000023397de4b40 Unloading class 0x00000233991aac00 'java/lang/invoke/LambdaForm$MH+0x00000233991aac00'
Event: 4.962 Thread 0x0000023397de4b40 Unloading class 0x00000233991aa800 'java/lang/invoke/LambdaForm$MH+0x00000233991aa800'
Event: 4.962 Thread 0x0000023397de4b40 Unloading class 0x00000233991aa400 'java/lang/invoke/LambdaForm$MH+0x00000233991aa400'
Event: 4.962 Thread 0x0000023397de4b40 Unloading class 0x00000233991aa000 'java/lang/invoke/LambdaForm$BMH+0x00000233991aa000'
Event: 4.962 Thread 0x0000023397de4b40 Unloading class 0x00000233991a9c00 'java/lang/invoke/LambdaForm$DMH+0x00000233991a9c00'
Event: 4.962 Thread 0x0000023397de4b40 Unloading class 0x00000233991a8c00 'java/lang/invoke/LambdaForm$DMH+0x00000233991a8c00'
Event: 40.562 Thread 0x0000023397de4b40 Unloading class 0x00000233996a1800 'java/lang/invoke/LambdaForm$DMH+0x00000233996a1800'
Event: 40.562 Thread 0x0000023397de4b40 Unloading class 0x00000233996a1000 'java/lang/invoke/LambdaForm$DMH+0x00000233996a1000'

Classes redefined (6 events):
Event: 0.363 Thread 0x0000023397de4b40 redefined class name=java.io.FileOutputStream, count=1
Event: 0.366 Thread 0x0000023397de4b40 redefined class name=java.io.File, count=1
Event: 0.370 Thread 0x0000023397de4b40 redefined class name=java.nio.file.Files, count=1
Event: 0.373 Thread 0x0000023397de4b40 redefined class name=java.lang.ClassLoader, count=1
Event: 0.375 Thread 0x0000023397de4b40 redefined class name=java.net.URLStreamHandler, count=1
Event: 0.377 Thread 0x0000023397de4b40 redefined class name=java.lang.Thread, count=1

Internal exceptions (20 events):
Event: 75.731 Thread 0x00000233e25ee2b0 Exception <a 'java/lang/NoSuchMethodError'{0x00000000d617e4a0}: 'java.lang.Object java.lang.invoke.DirectMethodHandle$Holder.newInvokeSpecial(java.lang.Object, java.lang.Object, int, java.lang.Object, java.lang.Object)'> (0x00000000d617e4a0) 
thrown [s\src\hotspot\share\interpreter\linkResolver.cpp, line 773]
Event: 75.768 Thread 0x00000233e0389e60 Implicit null exception at 0x000002338c7b4169 to 0x000002338c7b433c
Event: 76.359 Thread 0x00000233e0e02230 Exception <a 'sun/nio/fs/WindowsException'{0x00000000d5b054a0}> (0x00000000d5b054a0) 
thrown [s\src\hotspot\share\prims\jni.cpp, line 520]
Event: 76.359 Thread 0x00000233e0e02230 Exception <a 'sun/nio/fs/WindowsException'{0x00000000d5bcd8d0}> (0x00000000d5bcd8d0) 
thrown [s\src\hotspot\share\prims\jni.cpp, line 520]
Event: 76.360 Thread 0x00000233e0e02230 Exception <a 'sun/nio/fs/WindowsException'{0x00000000d5bce7c8}> (0x00000000d5bce7c8) 
thrown [s\src\hotspot\share\prims\jni.cpp, line 520]
Event: 76.360 Thread 0x00000233e0e02230 Exception <a 'sun/nio/fs/WindowsException'{0x00000000d5c309c0}> (0x00000000d5c309c0) 
thrown [s\src\hotspot\share\prims\jni.cpp, line 520]
Event: 76.364 Thread 0x00000233e0e02230 Exception <a 'java/io/FileNotFoundException'{0x00000000d5dd3590}> (0x00000000d5dd3590) 
thrown [s\src\hotspot\share\prims\jni.cpp, line 520]
Event: 76.365 Thread 0x00000233e0e02230 Exception <a 'java/io/FileNotFoundException'{0x00000000d5dd4368}> (0x00000000d5dd4368) 
thrown [s\src\hotspot\share\prims\jni.cpp, line 520]
Event: 76.376 Thread 0x00000233e0e02230 Exception <a 'sun/nio/fs/WindowsException'{0x00000000d5792a60}> (0x00000000d5792a60) 
thrown [s\src\hotspot\share\prims\jni.cpp, line 520]
Event: 76.377 Thread 0x00000233e0e02230 Exception <a 'sun/nio/fs/WindowsException'{0x00000000d5793090}> (0x00000000d5793090) 
thrown [s\src\hotspot\share\prims\jni.cpp, line 520]
Event: 76.394 Thread 0x00000233e0e02230 Exception <a 'sun/nio/fs/WindowsException'{0x00000000d5def3f8}> (0x00000000d5def3f8) 
thrown [s\src\hotspot\share\prims\jni.cpp, line 520]
Event: 76.394 Thread 0x00000233e0e02230 Exception <a 'sun/nio/fs/WindowsException'{0x00000000d5defa28}> (0x00000000d5defa28) 
thrown [s\src\hotspot\share\prims\jni.cpp, line 520]
Event: 77.234 Thread 0x00000233e0389e60 Implicit null exception at 0x000002338c882e80 to 0x000002338c887eac
Event: 77.331 Thread 0x00000233e0e02230 Implicit null exception at 0x000002338c716a86 to 0x000002338c716bb1
Event: 77.476 Thread 0x00000233e0e02230 Implicit null exception at 0x000002338c704ca1 to 0x000002338c704fb4
Event: 78.423 Thread 0x00000233e0e02230 Exception <a 'java/lang/NoSuchMethodError'{0x00000000d5609160}: 'java.lang.Object java.lang.invoke.DirectMethodHandle$Holder.invokeStatic(java.lang.Object, java.lang.Object, int, java.lang.Object)'> (0x00000000d5609160) 
thrown [s\src\hotspot\share\interpreter\linkResolver.cpp, line 773]
Event: 78.496 Thread 0x00000233e0e02230 Exception <a 'java/lang/NoSuchMethodError'{0x00000000d5900c20}: 'java.lang.Object java.lang.invoke.Invokers$Holder.linkToTargetMethod(java.lang.Object, java.lang.Object, java.lang.Object, int, java.lang.Object, java.lang.Object, java.lang.Object)'> (0x00000000d5900c20) 
thrown [s\src\hotspot\share\interpreter\linkResolver.cpp, line 773]
Event: 91.482 Thread 0x00000233e0389e60 Exception <a 'sun/nio/fs/WindowsException'{0x00000000d58820f8}> (0x00000000d58820f8) 
thrown [s\src\hotspot\share\prims\jni.cpp, line 520]
Event: 91.526 Thread 0x00000233e0389e60 Exception <a 'sun/nio/fs/WindowsException'{0x00000000d58fb460}> (0x00000000d58fb460) 
thrown [s\src\hotspot\share\prims\jni.cpp, line 520]
Event: 91.944 Thread 0x00000233e0389e60 Exception <a 'sun/nio/fs/WindowsException'{0x00000000d59c8290}> (0x00000000d59c8290) 
thrown [s\src\hotspot\share\prims\jni.cpp, line 520]

ZGC Phase Switch (0 events):
No events

VM Operations (20 events):
Event: 91.650 Executing safepoint VM operation: ParallelGCFailedAllocation (Allocation Failure) done
Event: 91.675 Executing safepoint VM operation: ParallelGCFailedAllocation (Allocation Failure)
Event: 91.678 Executing safepoint VM operation: ParallelGCFailedAllocation (Allocation Failure) done
Event: 91.700 Executing safepoint VM operation: ParallelGCFailedAllocation (Allocation Failure)
Event: 91.702 Executing safepoint VM operation: ParallelGCFailedAllocation (Allocation Failure) done
Event: 91.719 Executing safepoint VM operation: ParallelGCFailedAllocation (Allocation Failure)
Event: 91.722 Executing safepoint VM operation: ParallelGCFailedAllocation (Allocation Failure) done
Event: 91.740 Executing safepoint VM operation: ParallelGCFailedAllocation (Allocation Failure)
Event: 91.742 Executing safepoint VM operation: ParallelGCFailedAllocation (Allocation Failure) done
Event: 91.762 Executing safepoint VM operation: ParallelGCFailedAllocation (Allocation Failure)
Event: 91.765 Executing safepoint VM operation: ParallelGCFailedAllocation (Allocation Failure) done
Event: 91.977 Executing safepoint VM operation: ParallelGCFailedAllocation (Allocation Failure)
Event: 91.979 Executing safepoint VM operation: ParallelGCFailedAllocation (Allocation Failure) done
Event: 91.997 Executing safepoint VM operation: ParallelGCFailedAllocation (Allocation Failure)
Event: 91.999 Executing safepoint VM operation: ParallelGCFailedAllocation (Allocation Failure) done
Event: 92.018 Executing safepoint VM operation: ParallelGCFailedAllocation (Allocation Failure)
Event: 92.019 Executing safepoint VM operation: ParallelGCFailedAllocation (Allocation Failure) done
Event: 92.035 Executing safepoint VM operation: ParallelGCFailedAllocation (Allocation Failure)
Event: 92.037 Executing safepoint VM operation: ParallelGCFailedAllocation (Allocation Failure) done
Event: 92.056 Executing safepoint VM operation: ParallelGCFailedAllocation (Allocation Failure)

Memory protections (0 events):
No events

Nmethod flushes (20 events):
Event: 40.580 Thread 0x0000023397de4b40 flushing  nmethod 0x0000023384d12610
Event: 40.580 Thread 0x0000023397de4b40 flushing  nmethod 0x0000023384d1d190
Event: 40.580 Thread 0x0000023397de4b40 flushing  nmethod 0x0000023384d27a90
Event: 40.580 Thread 0x0000023397de4b40 flushing  nmethod 0x0000023384d47d90
Event: 40.580 Thread 0x0000023397de4b40 flushing  nmethod 0x0000023384d57e90
Event: 40.580 Thread 0x0000023397de4b40 flushing  nmethod 0x0000023384d61310
Event: 40.580 Thread 0x0000023397de4b40 flushing  nmethod 0x0000023384d61a10
Event: 40.580 Thread 0x0000023397de4b40 flushing  nmethod 0x0000023384d62e10
Event: 40.580 Thread 0x0000023397de4b40 flushing  nmethod 0x0000023384d63410
Event: 40.580 Thread 0x0000023397de4b40 flushing  nmethod 0x0000023384d67190
Event: 40.580 Thread 0x0000023397de4b40 flushing  nmethod 0x0000023384d67910
Event: 40.580 Thread 0x0000023397de4b40 flushing  nmethod 0x0000023384d69d10
Event: 40.580 Thread 0x0000023397de4b40 flushing  nmethod 0x0000023384d76c90
Event: 40.580 Thread 0x0000023397de4b40 flushing  nmethod 0x0000023384d81510
Event: 40.580 Thread 0x0000023397de4b40 flushing  nmethod 0x0000023384d8ff90
Event: 40.580 Thread 0x0000023397de4b40 flushing  nmethod 0x0000023384d9ed10
Event: 40.580 Thread 0x0000023397de4b40 flushing  nmethod 0x0000023384db1210
Event: 40.580 Thread 0x0000023397de4b40 flushing  nmethod 0x0000023384e04590
Event: 40.580 Thread 0x0000023397de4b40 flushing  nmethod 0x0000023384e07710
Event: 40.580 Thread 0x0000023397de4b40 flushing  nmethod 0x0000023384e10410

Events (20 events):
Event: 75.377 Thread 0x00000233da164d60 Thread added: 0x00000233e1bcf460
Event: 75.393 Thread 0x00000233e3b87300 Thread added: 0x00000233e25edc20
Event: 75.645 Thread 0x00000233e1bcf460 Thread exited: 0x00000233e1bcf460
Event: 75.660 Thread 0x00000233da161a50 Thread added: 0x00000233e1bcf460
Event: 75.781 Thread 0x00000233e25ee2b0 Thread added: 0x00000233e25ee940
Event: 75.782 Thread 0x00000233e25ee2b0 Thread added: 0x00000233e25f2ae0
Event: 75.791 Thread 0x00000233e25ee2b0 Thread added: 0x00000233e25f3170
Event: 75.792 Thread 0x00000233e25ee2b0 Thread added: 0x00000233e0dfbfc0
Event: 75.793 Thread 0x00000233e25ee2b0 Thread added: 0x00000233e03897d0
Event: 75.818 Thread 0x00000233e25f2ae0 Thread exited: 0x00000233e25f2ae0
Event: 75.818 Thread 0x00000233e0dfbfc0 Thread exited: 0x00000233e0dfbfc0
Event: 75.818 Thread 0x00000233e25f3170 Thread exited: 0x00000233e25f3170
Event: 75.818 Thread 0x00000233e03897d0 Thread exited: 0x00000233e03897d0
Event: 75.818 Thread 0x00000233e25ee940 Thread exited: 0x00000233e25ee940
Event: 78.845 Thread 0x00000233e1bcf460 Thread exited: 0x00000233e1bcf460
Event: 79.448 Thread 0x00000233e1bcb710 Thread exited: 0x00000233e1bcb710
Event: 79.774 Thread 0x00000233da164d60 Thread added: 0x00000233e1bcd920
Event: 81.392 Thread 0x00000233e1bcd920 Thread exited: 0x00000233e1bcd920
Event: 91.557 Thread 0x00000233da161a50 Thread added: 0x00000233e1bcd920
Event: 91.557 Thread 0x00000233da161a50 Thread added: 0x00000233e1bcb710


Dynamic libraries:
0x00007ff6b6f50000 - 0x00007ff6b6f5e000 	c:\Users\VI-Alumno\.vscode\extensions\redhat.java-1.55.0-win32-x64\jre\21.0.11-win32-x86_64\bin\java.exe
0x00007ffa92b00000 - 0x00007ffa92d67000 	C:\WINDOWS\SYSTEM32\ntdll.dll
0x00007ffa92820000 - 0x00007ffa928e9000 	C:\WINDOWS\System32\KERNEL32.DLL
0x00007ffa92420000 - 0x00007ffa9280f000 	C:\WINDOWS\System32\KERNELBASE.dll
0x0000000072220000 - 0x000000007225e000 	C:\WINDOWS\System32\cyinjct.dll
0x00007ffa92290000 - 0x00007ffa922b4000 	C:\WINDOWS\System32\cyvera.dll
0x00007ffa88700000 - 0x00007ffa88718000 	c:\Users\VI-Alumno\.vscode\extensions\redhat.java-1.55.0-win32-x64\jre\21.0.11-win32-x86_64\bin\jli.dll
0x00000233febf0000 - 0x00000233fedb5000 	C:\WINDOWS\System32\USER32.dll
0x00007ffa8fff0000 - 0x00007ffa90017000 	C:\WINDOWS\System32\win32u.dll
0x00007ffa91410000 - 0x00007ffa9143b000 	C:\WINDOWS\System32\GDI32.dll
0x00007ffa8fa10000 - 0x00007ffa8fb3c000 	C:\WINDOWS\System32\gdi32full.dll
0x00007ffa8ff40000 - 0x00007ffa8ffe3000 	C:\WINDOWS\System32\msvcp_win.dll
0x00000233fedc0000 - 0x00000233fef0b000 	C:\WINDOWS\System32\ucrtbase.dll
0x00007ffa82a30000 - 0x00007ffa82a4e000 	c:\Users\VI-Alumno\.vscode\extensions\redhat.java-1.55.0-win32-x64\jre\21.0.11-win32-x86_64\bin\VCRUNTIME140.dll
0x00007ffa76680000 - 0x00007ffa76913000 	C:\WINDOWS\WinSxS\amd64_microsoft.windows.common-controls_6595b64144ccf1df_6.0.26100.7309_none_3e05feeae336a044\COMCTL32.dll
0x00007ffa91c70000 - 0x00007ffa91d19000 	C:\WINDOWS\System32\msvcrt.dll
0x00007ffa92120000 - 0x00007ffa92286000 	C:\WINDOWS\System32\cyvrtrap.dll
0x00007ffa90260000 - 0x00007ffa90291000 	C:\WINDOWS\System32\IMM32.DLL
0x00007ffa8b520000 - 0x00007ffa8b52c000 	c:\Users\VI-Alumno\.vscode\extensions\redhat.java-1.55.0-win32-x64\jre\21.0.11-win32-x86_64\bin\vcruntime140_1.dll
0x00007ffa51d50000 - 0x00007ffa51ddd000 	c:\Users\VI-Alumno\.vscode\extensions\redhat.java-1.55.0-win32-x64\jre\21.0.11-win32-x86_64\bin\msvcp140.dll
0x00007ff9dd800000 - 0x00007ff9de5a2000 	c:\Users\VI-Alumno\.vscode\extensions\redhat.java-1.55.0-win32-x64\jre\21.0.11-win32-x86_64\bin\server\jvm.dll
0x00007ffa91610000 - 0x00007ffa916c4000 	C:\WINDOWS\System32\ADVAPI32.dll
0x00007ffa902a0000 - 0x00007ffa90346000 	C:\WINDOWS\System32\sechost.dll
0x00007ffa92300000 - 0x00007ffa92418000 	C:\WINDOWS\System32\RPCRT4.dll
0x00007ffa90350000 - 0x00007ffa903c4000 	C:\WINDOWS\System32\WS2_32.dll
0x00007ffa8f890000 - 0x00007ffa8f8ee000 	C:\WINDOWS\SYSTEM32\POWRPROF.dll
0x00007ffa85200000 - 0x00007ffa85235000 	C:\WINDOWS\SYSTEM32\WINMM.dll
0x00007ffa85350000 - 0x00007ffa8535b000 	C:\WINDOWS\SYSTEM32\VERSION.dll
0x00007ffa8f870000 - 0x00007ffa8f884000 	C:\WINDOWS\SYSTEM32\UMPDC.dll
0x00007ffa8e780000 - 0x00007ffa8e79b000 	C:\WINDOWS\SYSTEM32\kernel.appcore.dll
0x00007ffa86450000 - 0x00007ffa8645a000 	c:\Users\VI-Alumno\.vscode\extensions\redhat.java-1.55.0-win32-x64\jre\21.0.11-win32-x86_64\bin\jimage.dll
0x00007ffa80050000 - 0x00007ffa80292000 	C:\WINDOWS\SYSTEM32\DBGHELP.DLL
0x00007ffa90480000 - 0x00007ffa90805000 	C:\WINDOWS\System32\combase.dll
0x00007ffa914a0000 - 0x00007ffa91576000 	C:\WINDOWS\System32\OLEAUT32.dll
0x00007ffa6c190000 - 0x00007ffa6c1cc000 	C:\WINDOWS\SYSTEM32\dbgcore.DLL
0x00007ffa8fb40000 - 0x00007ffa8fbe5000 	C:\WINDOWS\System32\bcryptPrimitives.dll
0x00007ffa85290000 - 0x00007ffa8529f000 	c:\Users\VI-Alumno\.vscode\extensions\redhat.java-1.55.0-win32-x64\jre\21.0.11-win32-x86_64\bin\instrument.dll
0x00007ffa77980000 - 0x00007ffa779a0000 	c:\Users\VI-Alumno\.vscode\extensions\redhat.java-1.55.0-win32-x64\jre\21.0.11-win32-x86_64\bin\java.dll
0x00007ffa920c0000 - 0x00007ffa9211a000 	C:\Program Files\Palo Alto Networks\Traps\cyjagent.dll
0x00007ffa74c60000 - 0x00007ffa74c78000 	c:\Users\VI-Alumno\.vscode\extensions\redhat.java-1.55.0-win32-x64\jre\21.0.11-win32-x86_64\bin\zip.dll
0x00007ffa90810000 - 0x00007ffa90f63000 	C:\WINDOWS\System32\SHELL32.dll
0x00007ffa8fdd0000 - 0x00007ffa8ff3a000 	C:\WINDOWS\System32\wintypes.dll
0x00007ffa8d3f0000 - 0x00007ffa8dc4e000 	C:\WINDOWS\SYSTEM32\windows.storage.dll
0x00007ffa91a20000 - 0x00007ffa91b15000 	C:\WINDOWS\System32\SHCORE.dll
0x00007ffa903d0000 - 0x00007ffa90436000 	C:\WINDOWS\System32\shlwapi.dll
0x00007ffa8f900000 - 0x00007ffa8f929000 	C:\WINDOWS\SYSTEM32\profapi.dll
0x00007ffa82ba0000 - 0x00007ffa82bb0000 	C:\Users\VI-Alumno\.vscode\extensions\redhat.java-1.55.0-win32-x64\jre\21.0.11-win32-x86_64\bin\net.dll
0x00007ffa88440000 - 0x00007ffa88568000 	C:\WINDOWS\SYSTEM32\WINHTTP.dll
0x00007ffa8ecd0000 - 0x00007ffa8ed3b000 	C:\WINDOWS\system32\mswsock.dll
0x00007ffa74290000 - 0x00007ffa742a6000 	C:\Users\VI-Alumno\.vscode\extensions\redhat.java-1.55.0-win32-x64\jre\21.0.11-win32-x86_64\bin\nio.dll
0x00007ffa7f050000 - 0x00007ffa7f060000 	c:\Users\VI-Alumno\.vscode\extensions\redhat.java-1.55.0-win32-x64\jre\21.0.11-win32-x86_64\bin\verify.dll
0x00007ffa51b90000 - 0x00007ffa51bd5000 	C:\Users\VI-Alumno\AppData\Roaming\Code\User\globalStorage\redhat.java\1.55.0\config_win\org.eclipse.equinox.launcher\org.eclipse.equinox.launcher.win32.win32.x86_64_1.3.100.v20260613-0559\eclipse_11924.dll
0x00007ffa91f20000 - 0x00007ffa920b7000 	C:\WINDOWS\System32\ole32.dll
0x00007ffa8b620000 - 0x00007ffa8b62a000 	C:\Users\VI-Alumno\.vscode\extensions\redhat.java-1.55.0-win32-x64\jre\21.0.11-win32-x86_64\bin\management.dll
0x00007ffa86460000 - 0x00007ffa8646c000 	C:\Users\VI-Alumno\.vscode\extensions\redhat.java-1.55.0-win32-x64\jre\21.0.11-win32-x86_64\bin\management_ext.dll
0x00007ffa90f70000 - 0x00007ffa90f78000 	C:\WINDOWS\System32\PSAPI.DLL
0x00007ffa8f0c0000 - 0x00007ffa8f0db000 	C:\WINDOWS\SYSTEM32\CRYPTSP.dll
0x00007ffa8e6e0000 - 0x00007ffa8e71a000 	C:\WINDOWS\system32\rsaenh.dll
0x00007ffa8ed80000 - 0x00007ffa8edab000 	C:\WINDOWS\SYSTEM32\USERENV.dll
0x00007ffa8f930000 - 0x00007ffa8f95a000 	C:\WINDOWS\SYSTEM32\bcrypt.dll
0x00007ffa8ef20000 - 0x00007ffa8ef2c000 	C:\WINDOWS\SYSTEM32\CRYPTBASE.dll
0x00007ffa8df10000 - 0x00007ffa8df44000 	C:\WINDOWS\SYSTEM32\IPHLPAPI.DLL
0x00007ffa91990000 - 0x00007ffa9199a000 	C:\WINDOWS\System32\NSI.dll
0x00007ffa4e430000 - 0x00007ffa4e479000 	C:\Users\VI-Alumno\AppData\Local\Temp\jna-801063294\jna2623747326399612672.dll
0x00007ffa88b10000 - 0x00007ffa88b2e000 	C:\WINDOWS\SYSTEM32\dhcpcsvc6.DLL
0x00007ffa88890000 - 0x00007ffa888b3000 	C:\WINDOWS\SYSTEM32\dhcpcsvc.DLL
0x00007ffa8c810000 - 0x00007ffa8c81e000 	C:\Users\VI-Alumno\.vscode\extensions\redhat.java-1.55.0-win32-x64\jre\21.0.11-win32-x86_64\bin\sunmscapi.dll
0x00007ffa90020000 - 0x00007ffa90197000 	C:\WINDOWS\System32\CRYPT32.dll
0x00007ffa8f210000 - 0x00007ffa8f240000 	C:\WINDOWS\SYSTEM32\ncrypt.dll
0x00007ffa8f1c0000 - 0x00007ffa8f1ff000 	C:\WINDOWS\SYSTEM32\NTASN1.dll
0x00007ffa8df50000 - 0x00007ffa8e07c000 	C:\WINDOWS\SYSTEM32\DNSAPI.dll
0x00007ffa86b00000 - 0x00007ffa86b0b000 	C:\Windows\System32\rasadhlp.dll
0x00007ffa89a80000 - 0x00007ffa89b06000 	C:\WINDOWS\System32\fwpuclnt.dll
0x00007ffa8b610000 - 0x00007ffa8b619000 	C:\Users\VI-Alumno\.vscode\extensions\redhat.java-1.55.0-win32-x64\jre\21.0.11-win32-x86_64\bin\extnet.dll

JVMTI agents:
c:\Users\VI-Alumno\.vscode\extensions\redhat.java-1.55.0-win32-x64\lombok\lombok-1.18.39-4050.jar path:c:\Users\VI-Alumno\.vscode\extensions\redhat.java-1.55.0-win32-x64\jre\21.0.11-win32-x86_64\bin\instrument.dll, loaded, initialized, instrumentlib options:none
C:\Program Files\Palo Alto Networks\Traps\cyjagent.dll path:C:\Program Files\Palo Alto Networks\Traps\cyjagent.dll, loaded, initialized, options:none

dbghelp: loaded successfully - version: 4.0.5 - missing functions: none
symbol engine: initialized successfully - sym options: 0x614 - pdb path: .;c:\Users\VI-Alumno\.vscode\extensions\redhat.java-1.55.0-win32-x64\jre\21.0.11-win32-x86_64\bin;C:\WINDOWS\SYSTEM32;C:\WINDOWS\WinSxS\amd64_microsoft.windows.common-controls_6595b64144ccf1df_6.0.26100.7309_none_3e05feeae336a044;c:\Users\VI-Alumno\.vscode\extensions\redhat.java-1.55.0-win32-x64\jre\21.0.11-win32-x86_64\bin\server;C:\Program Files\Palo Alto Networks\Traps;C:\Users\VI-Alumno\AppData\Roaming\Code\User\globalStorage\redhat.java\1.55.0\config_win\org.eclipse.equinox.launcher\org.eclipse.equinox.launcher.win32.win32.x86_64_1.3.100.v20260613-0559;C:\Users\VI-Alumno\AppData\Local\Temp\jna-801063294

VM Arguments:
jvm_args: --add-modules=ALL-SYSTEM --add-opens=java.base/java.util=ALL-UNNAMED --add-opens=java.base/java.lang=ALL-UNNAMED --add-opens=java.base/sun.nio.fs=ALL-UNNAMED -Declipse.application=org.eclipse.jdt.ls.core.id1 -Dosgi.bundles.defaultStartLevel=4 -Declipse.product=org.eclipse.jdt.ls.core.product -Djava.import.generatesMetadataFilesAtProjectRoot=false -DDetectVMInstallationsJob.disabled=true -Dfile.encoding=utf8 -XX:+UseParallelGC -XX:GCTimeRatio=4 -XX:AdaptiveSizePolicyWeight=90 -Dsun.zip.disableMemoryMapping=true -Xmx2G -Xms100m -Xlog:disable -javaagent:c:\Users\VI-Alumno\.vscode\extensions\redhat.java-1.55.0-win32-x64\lombok\lombok-1.18.39-4050.jar -XX:+HeapDumpOnOutOfMemoryError -XX:HeapDumpPath=c:\Users\VI-Alumno\AppData\Roaming\Code\User\workspaceStorage\28e0cb58f0c345765215161398774b5a\redhat.java -Daether.dependencyCollector.impl=bf -agentpath:C:\Program Files\Palo Alto Networks\Traps\cyjagent.dll 
java_command: c:\Users\VI-Alumno\.vscode\extensions\redhat.java-1.55.0-win32-x64\server\plugins\org.eclipse.equinox.launcher_1.7.200.v20260619-2039.jar -configuration c:\Users\VI-Alumno\AppData\Roaming\Code\User\globalStorage\redhat.java\1.55.0\config_win -data c:\Users\VI-Alumno\AppData\Roaming\Code\User\workspaceStorage\28e0cb58f0c345765215161398774b5a\redhat.java\jdt_ws --pipe=\\.\pipe\lsp-717250b8bb5eccbf803efbb529c23d3a-sock
java_class_path (initial): c:\Users\VI-Alumno\.vscode\extensions\redhat.java-1.55.0-win32-x64\server\plugins\org.eclipse.equinox.launcher_1.7.200.v20260619-2039.jar
Launcher Type: SUN_STANDARD

[Global flags]
    uintx AdaptiveSizePolicyWeight                 = 90                                        {product} {command line}
     intx CICompilerCount                          = 4                                         {product} {ergonomic}
    uintx GCTimeRatio                              = 4                                         {product} {command line}
     bool HeapDumpOnOutOfMemoryError               = true                                   {manageable} {command line}
    ccstr HeapDumpPath                             = c:\Users\VI-Alumno\AppData\Roaming\Code\User\workspaceStorage\28e0cb58f0c345765215161398774b5a\redhat.java         {manageable} {command line}
   size_t InitialHeapSize                          = 104857600                                 {product} {command line}
   size_t MaxHeapSize                              = 2147483648                                {product} {command line}
   size_t MaxNewSize                               = 715653120                                 {product} {ergonomic}
   size_t MinHeapDeltaBytes                        = 524288                                    {product} {ergonomic}
   size_t MinHeapSize                              = 104857600                                 {product} {command line}
   size_t NewSize                                  = 34603008                                  {product} {ergonomic}
    uintx NonNMethodCodeHeapSize                   = 5839372                                {pd product} {ergonomic}
    uintx NonProfiledCodeHeapSize                  = 122909434                              {pd product} {ergonomic}
   size_t OldSize                                  = 70254592                                  {product} {ergonomic}
    uintx ProfiledCodeHeapSize                     = 122909434                              {pd product} {ergonomic}
    uintx ReservedCodeCacheSize                    = 251658240                              {pd product} {ergonomic}
     bool SegmentedCodeCache                       = true                                      {product} {ergonomic}
   size_t SoftMaxHeapSize                          = 2147483648                             {manageable} {ergonomic}
     bool UseCompressedOops                        = true                           {product lp64_product} {ergonomic}
     bool UseLargePagesIndividualAllocation        = false                                  {pd product} {ergonomic}
     bool UseParallelGC                            = true                                      {product} {command line}

Logging:
Log output configuration:
 #0: stdout all=off uptime,level,tags foldmultilines=false
 #1: stderr all=off uptime,level,tags foldmultilines=false

Release file:
JAVA_VERSION="21.0.11" 
MODULES="java.base java.compiler java.datatransfer java.xml java.prefs java.desktop java.instrument java.logging java.management java.security.sasl java.naming java.rmi java.management.rmi java.net.http java.scripting java.security.jgss java.transaction.xa java.sql java.sql.rowset java.xml.crypto java.se java.smartcardio jdk.accessibility jdk.internal.jvmstat jdk.attach jdk.charsets jdk.internal.opt jdk.zipfs jdk.compiler jdk.crypto.ec jdk.crypto.cryptoki jdk.crypto.mscapi jdk.dynalink jdk.internal.ed jdk.editpad jdk.hotspot.agent jdk.httpserver jdk.internal.le jdk.internal.vm.ci jdk.internal.vm.compiler jdk.internal.vm.compiler.management jdk.jartool jdk.javadoc jdk.jcmd jdk.management jdk.management.agent jdk.jconsole jdk.jdeps jdk.jdwp.agent jdk.jdi jdk.jfr jdk.jshell jdk.jsobject jdk.jstatd jdk.localedata jdk.management.jfr jdk.naming.dns jdk.naming.rmi jdk.net jdk.nio.mapmode jdk.random jdk.sctp jdk.security.auth jdk.security.jgss jdk.unsupported jdk.unsupported.desktop jdk.xml.dom" 

Environment Variables:
PATH=C:\app\Duoc\product\21c\dbhomeXE\bin;C:\Program Files (x86)\VMware\VMware Player\bin\;C:\Program Files\Common Files\Oracle\Java\javapath;C:\Program Files\Python312\Scripts\;C:\Program Files\Python312\;C:\WINDOWS\system32;C:\WINDOWS;C:\WINDOWS\System32\Wbem;C:\WINDOWS\System32\WindowsPowerShell\v1.0\;C:\WINDOWS\System32\OpenSSH\;C:\Users\VI-Alumno\AppData\Roaming\Python\Python312\Scripts;C:\Program Files\Microsoft VS Code\bin;C:\Program Files\dotnet\;C:\Program Files\Git\cmd;C:\Program Files\nodejs\;C:\Program Files\PuTTY\;C:\app\Duoc\product\21c\dbhomeXE\bin;C:\Program Files\Microsoft SQL Server\Client SDK\ODBC\170\Tools\Binn\;C:\Program Files (x86)\Microsoft SQL Server\150\Tools\Binn\;C:\Program Files\Microsoft SQL Server\150\Tools\Binn\;C:\Program Files\Microsoft SQL Server\150\DTS\Binn\;C:\Program Files (x86)\Microsoft SQL Server\150\DTS\Binn\;C:\Program Files\Azure Data Studio\bin;C:\Program Files\Microsoft SQL Server\130\Tools\Binn\;C:\Program Files (x86)\Microsoft SQL Server\110\DTS\Binn\;C:\Program Files (x86)\Microsoft SQL Server\120\DTS\Binn\;C:\Program Files (x86)\Microsoft SQL Server\130\DTS\Binn\;C:\Program Files (x86)\Microsoft SQL Server\140\DTS\Binn\;C:\Program Files (x86)\Microsoft SQL Server\160\DTS\Binn\;C:\Program Files\MongoDB\Server\8.0\bin;;C:\Program Files\Docker\Docker\resources\bin;C:\Program Files\MySQL\MySQL Shell 8.0\bin\;C:\Users\VI-Alumno\AppData\Local\Microsoft\WindowsApps;C:\Users\VI-Alumno\AppData\Roaming\Python\Python312\Scripts;C:\Users\VI-Alumno\AppData\Roaming\npm;C:\app\Duoc\product\21c\dbhomeXE\bin;C:\Program Files\Azure Data Studio\bin;C:\Program Files (x86)\Nmap;C:\Program Files\JetBrains\IntelliJ IDEA Community Edition 2025.1\bin;;C:\Program Files\MongoDB\Server\8.0\bin;C:\Program Files\mongosh\
USERNAME=VI-Alumno
OS=Windows_NT
PROCESSOR_IDENTIFIER=AMD64 Family 23 Model 104 Stepping 1, AuthenticAMD
TMP=C:\Users\VI-ALU~1\AppData\Local\Temp
TEMP=C:\Users\VI-ALU~1\AppData\Local\Temp




Periodic native trim disabled

---------------  S Y S T E M  ---------------

OS:
 Windows 11 , 64 bit Build 26100 (10.0.26100.7309)
OS uptime: 0 days 1:12 hours
Hyper-V role detected

CPU: total 12 (initial active 12) (12 cores per cpu, 2 threads per core) family 23 model 104 stepping 1 microcode 0x8608103, cx8, cmov, fxsr, ht, mmx, 3dnowpref, sse, sse2, sse3, ssse3, sse4a, sse4.1, sse4.2, popcnt, lzcnt, tsc, tscinvbit, avx, avx2, aes, clmul, bmi1, bmi2, adx, sha, fma, vzeroupper, clflush, clflushopt, hv, rdtscp, rdpid, f16c
Processor Information for the first 12 processors :
  Max Mhz: 2100, Current Mhz: 2100, Mhz Limit: 2100

Memory: 4k page, system-wide physical 15178M (4675M free)
TotalPageFile size 18122M (AvailPageFile size 2M)
current process WorkingSet (physical memory assigned to process): 788M, peak: 788M
current process commit charge ("private bytes"): 748M, peak: 748M

vm_info: OpenJDK 64-Bit Server VM (21.0.11+10-LTS) for windows-amd64 JRE (21.0.11+10-LTS), built on 2026-04-21T00:00:00Z by "admin" with MS VC++ 17.12 (VS2022)

END.
